// Jest Snapshot v1, https://goo.gl/fbAQLP

exports[`test for home test if home matches 1`] = `
<div
  className="homeContent"
>
  <p>
    Hello and Welcome to this calculator webapp.
  </p>
  <p>
    In the calculator page you will find the calculator application, have fun with some math
  </p>
  <p>
    In the quote page you will find some motivational, insightful quotes. Enjoy
  </p>
</div>
`;
